Thu Jul 20 ~ 
>>> python -i
Python 2.7.12 (default, Dec  4 2016, 18:13:09) 
[GCC 4.2.1 Compatible Apple LLVM 8.0.0 (clang-800.0.42.1)] on darwin
Type "help", "copyright", "credits" or "license" for more information.
>>> list(1)
Traceback (most recent call last):
  File "<stdin>", line 1, in <module>
TypeError: 'int' object is not iterable
>>> a = [ 1,2,3]
>>> enumerate(a)
<enumerate object at 0x10fc75870>
>>> a,b = enumerate(a)                                                                                                                                                           
Traceback (most recent call last):
  File "<stdin>", line 1, in <module>
ValueError: too many values to unpack
>>> b = enumerate(a)                                                                                                                                                             
>>> b
<enumerate object at 0x10fc75910>
>>> type(b)
<type 'enumerate'>
>>> type(b[1])                                                                                                                                                                   
Traceback (most recent call last):
  File "<stdin>", line 1, in <module>
TypeError: 'enumerate' object has no attribute '__getitem__'
>>> a.next                                                                                                                                                                       
Traceback (most recent call last):
  File "<stdin>", line 1, in <module>
AttributeError: 'list' object has no attribute 'next'
>>> b = enumerate(a)
>>> b.next
<method-wrapper 'next' of enumerate object at 0x10fc75960>
>>> b.next()
(0, 1)
>>> b.next()
(1, 2)
>>> b.next()
(2, 3)
>>> type(a)
<type 'list'>
>>> a.next()
Traceback (most recent call last):
  File "<stdin>", line 1, in <module>
AttributeError: 'list' object has no attribute 'next'
>>> seasons = ['Spring', 'Summer', 'Fall', 'Winter']
>>> for i, seasons in (enumerate(seasons)):
...     print seasons
... 
Spring
Summer
Fall
Winter
>>> hash(seasons)
1194522647329886213
>>> h = hash(seasons)                                                                 
>>> h[1]
Traceback (most recent call last):
  File "<stdin>", line 1, in <module>
TypeError: 'int' object has no attribute '__getitem__'
>>> 
Thu Jul 20 ~ 
>>> ls
*message*-20170606-155615                                                            P
rojects                                                                              
*message*-20170606-155615~                                                           P
ublic                                                                                
*message*-20170606-184833                                                            S
CHMIDT COLBERG_AMELIE 22FEB2015 FRA ICN.rtf                                          
*scratch*                                                                            S
ites                                                                                 
*scratch*~                                                                           V
irtualBox VMs                                                                        
Answer to your request_ Request Off-campus course (reference number AC1510 5020).rtf b
in                                                                                   
Applications                                                                         e
xercism                                                                              
Desktop                                                                              j
ava.log.12681                                                                        
Documents                                                                            n
ltk_data                                                                             
Downloads                                                                            p
rojs                                                                                 
GitHub                                                                               r
ecommendation                                                                        
Google Drive                                                                         t
ensorflow                                                                            
Library                                                                              t
ensorflow3                                                                           
Movies                                                                               t
est.py                                                                               
Music                                                                                t
est.sh                                                                               
News                                                                                 t
est.sh~                                                                              
Notes                                                                                t
est.tex                                                                              
Pictures
Thu Jul 20 ~ 
>>> cd ~/.emacs.d/
Thu Jul 20 ~/.emacs.d a() 
>>> ls
%backup%~                       company-statistics-cache.el     ido.last             o
rg-mode.el                      url                                                  
abbrev_defs                     elpa                            ido.last~            r
ecentf                                                                               
ac-comphist.dat                 emacs-for-python                init.el              r
equest                                                                               
auto-save-list                  eproject.lst                    init.el~             t
ramp                                                                                 
Thu Jul 20 ~/.emacs.d a() 
>>> ls
%backup%~                       company-statistics-cache.el     ido.last             o
rg-mode.el                      url                                                  
abbrev_defs                     elpa                            ido.last~            r
ecentf                                                                               
ac-comphist.dat                 emacs-for-python                init.el              r
equest                                                                               
auto-save-list                  eproject.lst                    init.el~             t
ramp                                                                                 
Thu Jul 20 ~/.emacs.d a() 
>>> mkdir settings 
Thu Jul 20 ~/.emacs.d a() 
>>> mv org-mode.el settings/
Thu Jul 20 ~/.emacs.d a() 
>>> cd settings/
Thu Jul 20 ~/.emacs.d/settings a() 
>>> ls
org-mode.el
Thu Jul 20 ~/.emacs.d/settings a() 
>>> ls
#custom-functions.el#   custom-functions.el     org-mode.el~            python-setting
s.el~                                                                                
#el-get-settings.el#    org-mode.el             python-settings.el      yassnippet-set
ting.el                                                                              
Thu Jul 20 ~/.emacs.d/settings a() 
>>> 
